Archive member included to satisfy reference by file (symbol)

app/libapp.a(main.c.obj)      (--whole-archive)
zephyr/libzephyr.a(cbprintf.c.obj)
                              (--whole-archive)
zephyr/libzephyr.a(cbprintf_packaged.c.obj)
                              (--whole-archive)
zephyr/libzephyr.a(crc32c_sw.c.obj)
                              (--whole-archive)
zephyr/libzephyr.a(crc32_sw.c.obj)
                              (--whole-archive)
zephyr/libzephyr.a(crc16_sw.c.obj)
                              (--whole-archive)
zephyr/libzephyr.a(crc8_sw.c.obj)
                              (--whole-archive)
zephyr/libzephyr.a(crc7_sw.c.obj)
                              (--whole-archive)
zephyr/libzephyr.a(dec.c.obj)
                              (--whole-archive)
zephyr/libzephyr.a(fdtable.c.obj)
                              (--whole-archive)
zephyr/libzephyr.a(hex.c.obj)
                              (--whole-archive)
zephyr/libzephyr.a(notify.c.obj)
                              (--whole-archive)
zephyr/libzephyr.a(printk.c.obj)
                              (--whole-archive)
zephyr/libzephyr.a(onoff.c.obj)
                              (--whole-archive)
zephyr/libzephyr.a(rb.c.obj)  (--whole-archive)
zephyr/libzephyr.a(sem.c.obj)
                              (--whole-archive)
zephyr/libzephyr.a(thread_entry.c.obj)
                              (--whole-archive)
zephyr/libzephyr.a(timeutil.c.obj)
                              (--whole-archive)
zephyr/libzephyr.a(heap.c.obj)
                              (--whole-archive)
zephyr/libzephyr.a(heap-validate.c.obj)
                              (--whole-archive)
zephyr/libzephyr.a(bitarray.c.obj)
                              (--whole-archive)
zephyr/libzephyr.a(multi_heap.c.obj)
                              (--whole-archive)
zephyr/libzephyr.a(cbprintf_complete.c.obj)
                              (--whole-archive)
zephyr/libzephyr.a(configs.c.obj)
                              (--whole-archive)
zephyr/libzephyr.a(idle.c.obj)
                              (--whole-archive)
zephyr/libzephyr.a(soc_irq.S.obj)
                              (--whole-archive)
zephyr/libzephyr.a(soc_common_irq.c.obj)
                              (--whole-archive)
zephyr/libzephyr.a(vector.S.obj)
                              (--whole-archive)
zephyr/libzephyr.a(soc.c.obj)
                              (--whole-archive)
zephyr/libzephyr.a(tracing_none.c.obj)
                              (--whole-archive)
zephyr/arch/common/libarch__common.a(sw_isr_common.c.obj)
                              (--whole-archive)
zephyr/arch/arch/riscv/core/libarch__riscv__core.a(cpu_idle.c.obj)
                              (--whole-archive)
zephyr/arch/arch/riscv/core/libarch__riscv__core.a(fatal.c.obj)
                              (--whole-archive)
zephyr/arch/arch/riscv/core/libarch__riscv__core.a(irq_manage.c.obj)
                              (--whole-archive)
zephyr/arch/arch/riscv/core/libarch__riscv__core.a(isr.S.obj)
                              (--whole-archive)
zephyr/arch/arch/riscv/core/libarch__riscv__core.a(prep_c.c.obj)
                              (--whole-archive)
zephyr/arch/arch/riscv/core/libarch__riscv__core.a(reboot.c.obj)
                              (--whole-archive)
zephyr/arch/arch/riscv/core/libarch__riscv__core.a(reset.S.obj)
                              (--whole-archive)
zephyr/arch/arch/riscv/core/libarch__riscv__core.a(swap.S.obj)
                              (--whole-archive)
zephyr/arch/arch/riscv/core/libarch__riscv__core.a(thread.c.obj)
                              (--whole-archive)
zephyr/lib/libc/minimal/liblib__libc__minimal.a(abort.c.obj)
                              (--whole-archive)
zephyr/lib/libc/minimal/liblib__libc__minimal.a(atoi.c.obj)
                              (--whole-archive)
zephyr/lib/libc/minimal/liblib__libc__minimal.a(strtol.c.obj)
                              (--whole-archive)
zephyr/lib/libc/minimal/liblib__libc__minimal.a(strtoul.c.obj)
                              (--whole-archive)
zephyr/lib/libc/minimal/liblib__libc__minimal.a(malloc.c.obj)
                              (--whole-archive)
zephyr/lib/libc/minimal/liblib__libc__minimal.a(bsearch.c.obj)
                              (--whole-archive)
zephyr/lib/libc/minimal/liblib__libc__minimal.a(exit.c.obj)
                              (--whole-archive)
zephyr/lib/libc/minimal/liblib__libc__minimal.a(strncasecmp.c.obj)
                              (--whole-archive)
zephyr/lib/libc/minimal/liblib__libc__minimal.a(strstr.c.obj)
                              (--whole-archive)
zephyr/lib/libc/minimal/liblib__libc__minimal.a(string.c.obj)
                              (--whole-archive)
zephyr/lib/libc/minimal/liblib__libc__minimal.a(strspn.c.obj)
                              (--whole-archive)
zephyr/lib/libc/minimal/liblib__libc__minimal.a(stdout_console.c.obj)
                              (--whole-archive)
zephyr/lib/libc/minimal/liblib__libc__minimal.a(sprintf.c.obj)
[...]
Memory Configuration

Name             Origin             Length             Attributes
RAM              0x0000000080000000 0x0000000004000000 xrw
IDT_LIST         0x00000000fffff7ff 0x0000000000000800 xw
*default*        0x0000000000000000 0xffffffffffffffff

Linker script and memory map

LOAD zephyr/CMakeFiles/zephyr_final.dir/misc/empty_file.c.obj
LOAD zephyr/CMakeFiles/zephyr_final.dir/isr_tables.c.obj
LOAD zephyr/CMakeFiles/zephyr_final.dir/dev_handles.c.obj
LOAD zephyr/CMakeFiles/offsets.dir/./arch/riscv/core/offsets/offsets.c.obj

.rel.plt        0x0000000000000000        0x0
 *(SORT_BY_ALIGNMENT(.rel.plt))
                [!provide]                        PROVIDE (__rel_iplt_start = .)
 *(SORT_BY_ALIGNMENT(.rel.iplt))
                [!provide]                        PROVIDE (__rel_iplt_end = .)

.rela.plt       0x0000000000000000        0x0
 *(SORT_BY_ALIGNMENT(.rela.plt))
                [!provide]                        PROVIDE (__rela_iplt_start = .)
 *(SORT_BY_ALIGNMENT(.rela.iplt))
                [!provide]                        PROVIDE (__rela_iplt_end = .)

.rel.dyn
 *(SORT_BY_ALIGNMENT(.rel.*))

.rela.dyn       0x0000000080000000        0x0
 *(SORT_BY_ALIGNMENT(.rela.*))
 .rela.sdata._char_out
                0x0000000080000000        0x0 zephyr/CMakeFiles/zephyr_final.dir/isr_tables.c.obj
 .rela.exception.entry.__irq_wrapper
                0x0000000080000000        0x0 zephyr/CMakeFiles/zephyr_final.dir/isr_tables.c.obj
 .rela.text._PrepC
                0x0000000080000000        0x0 zephyr/CMakeFiles/zephyr_final.dir/isr_tables.c.obj
 .rela.text.k_sys_fatal_error_handler
                0x0000000080000000        0x0 zephyr/CMakeFiles/zephyr_final.dir/isr_tables.c.obj
 .rela.text.z_fatal_error
                0x0000000080000000        0x0 zephyr/CMakeFiles/zephyr_final.dir/isr_tables.c.obj
 .rela.text.z_bss_zero
                0x0000000080000000        0x0 zephyr/CMakeFiles/zephyr_final.dir/isr_tables.c.obj
 .rela.text.z_init_static_threads
                0x0000000080000000        0x0 zephyr/CMakeFiles/zephyr_final.dir/isr_tables.c.obj
 .rela.rodata.levels.0
                0x0000000080000000        0x0 zephyr/CMakeFiles/zephyr_final.dir/isr_tables.c.obj

.plt
 *(SORT_BY_ALIGNMENT(.plt))

.iplt
 *(SORT_BY_ALIGNMENT(.iplt))
                0x0000000080000000                __rom_region_start = 0x80000000

vector          0x0000000080000000       0x10
                0x0000000080000000                . = ALIGN (0x4)
 *(SORT_BY_ALIGNMENT(.vectors.*))
 .vectors.__start
                0x0000000080000000       0x10 zephyr/libzephyr.a(vector.S.obj)
                0x0000000080000000                __start

rom_start       0x0000000080000010        0x0
                0x0000000080000010                . = ALIGN (0x10)
 *fill*         0x0000000080000010        0x0 

reset           0x0000000080000010        0x4
 *(SORT_BY_ALIGNMENT(.reset.*))
 .reset.__reset
                0x0000000080000010        0x4 zephyr/arch/arch/riscv/core/libarch__riscv__core.a(reset.S.obj)
                0x0000000080000010                __reset

exceptions      0x0000000080000014      0x2d8
 *(SORT_BY_ALIGNMENT(.exception.entry.*))
 .exception.entry.__irq_wrapper
                0x0000000080000014      0x284 zephyr/arch/arch/riscv/core/libarch__riscv__core.a(isr.S.obj)
                0x0000000080000014                __irq_wrapper
 *(SORT_BY_ALIGNMENT(.exception.other.*))
 .exception.other.__soc_handle_irq
                0x0000000080000298       0x10 zephyr/libzephyr.a(soc_irq.S.obj)
                0x0000000080000298                __soc_handle_irq
 .exception.other.__soc_is_irq
                0x00000000800002a8       0x20 zephyr/libzephyr.a(soc_irq.S.obj)
                0x00000000800002a8                __soc_is_irq
 .exception.other.arch_swap
                0x00000000800002c8       0x24 zephyr/arch/arch/riscv/core/libarch__riscv__core.a(swap.S.obj)
                0x00000000800002c8                arch_swap

text            0x00000000800002ec     0x28d8
                0x00000000800002ec                . = ALIGN (0x4)
 *(SORT_BY_ALIGNMENT(.openocd_debug))
 *(SORT_BY_ALIGNMENT(.openocd_debug.*))
                0x00000000800002ec                __text_region_start = .
 *(SORT_BY_ALIGNMENT(.text))
 *(SORT_BY_ALIGNMENT(.text.*))
 .text._OffsetAbsSyms
                0x00000000800002ec        0x4 zephyr/CMakeFiles/offsets.dir/./arch/riscv/core/offsets/offsets.c.obj
                0x00000000800002ec                _OffsetAbsSyms
 .text.main     0x00000000800002f0      0x134 app/libapp.a(main.c.obj)
                0x00000000800002f0                main
 .text.arch_printk_char_out
                0x0000000080000424        0x8 zephyr/libzephyr.a(printk.c.obj)
                0x0000000080000424                arch_printk_char_out
 .text.char_out
                0x000000008000042c       0x18 zephyr/libzephyr.a(printk.c.obj)
 .text.vprintk  0x0000000080000444       0x30 zephyr/libzephyr.a(printk.c.obj)
                0x0000000080000444                vprintk
 .text.printk   0x0000000080000474       0x3c zephyr/libzephyr.a(printk.c.obj)
                0x0000000080000474                printk
 .text.z_thread_entry
                0x00000000800004b0       0x24 zephyr/libzephyr.a(thread_entry.c.obj)
                0x00000000800004b0                z_thread_entry
 .text._get_digit
                0x00000000800004d4       0x44 zephyr/libzephyr.a(cbprintf_complete.c.obj)
 .text.encode_uint
                0x0000000080000518       0xb8 zephyr/libzephyr.a(cbprintf_complete.c.obj)
 .text.outs     0x00000000800005d0       0x80 zephyr/libzephyr.a(cbprintf_complete.c.obj)
 .text.cbvprintf
                0x0000000080000650     0x1134 zephyr/libzephyr.a(cbprintf_complete.c.obj)
                0x0000000080000650                cbvprintf
 .text._ConfigAbsSyms
                0x0000000080001784        0x4 zephyr/libzephyr.a(configs.c.obj)
                0x0000000080001784                _ConfigAbsSyms
 .text.arch_cpu_idle
                0x0000000080001788       0x24 zephyr/libzephyr.a(idle.c.obj)
                0x0000000080001788                arch_cpu_idle
 .text.arch_irq_enable
                0x00000000800017ac       0x10 zephyr/libzephyr.a(soc_common_irq.c.obj)
                0x00000000800017ac                arch_irq_enable
 .text.soc_interrupt_init
                0x00000000800017bc       0x14 zephyr/libzephyr.a(soc_common_irq.c.obj)
                0x00000000800017bc                soc_interrupt_init
 .text.sys_trace_idle
                0x00000000800017d0        0x4 zephyr/libzephyr.a(tracing_none.c.obj)
                0x00000000800017d0                sys_trace_idle
 .text.z_riscv_fatal_error
                0x00000000800017d4        0xc zephyr/arch/arch/riscv/core/libarch__riscv__core.a(fatal.c.obj)
                0x00000000800017d4                z_riscv_fatal_error
 .text._Fault   0x00000000800017e0       0x1c zephyr/arch/arch/riscv/core/libarch__riscv__core.a(fatal.c.obj)
                0x00000000800017e0                _Fault
 .text.z_irq_spurious
                0x00000000800017fc       0x18 zephyr/arch/arch/riscv/core/libarch__riscv__core.a(irq_manage.c.obj)
                0x00000000800017fc                z_irq_spurious
 .text._PrepC   0x0000000080001814       0x14 zephyr/arch/arch/riscv/core/libarch__riscv__core.a(prep_c.c.obj)
                0x0000000080001814                _PrepC
 .text.__initialize
                0x0000000080001828       0x38 zephyr/arch/arch/riscv/core/libarch__riscv__core.a(reset.S.obj)
                0x0000000080001828                __initialize
 .text.z_thread_entry_wrapper
                0x0000000080001860        0x4 zephyr/arch/arch/riscv/core/libarch__riscv__core.a(swap.S.obj)
                0x0000000080001860                z_thread_entry_wrapper
 .text.arch_new_thread
                0x0000000080001864       0x38 zephyr/arch/arch/riscv/core/libarch__riscv__core.a(thread.c.obj)
                0x0000000080001864                arch_new_thread
 .text.strlen   0x000000008000189c       0x20 zephyr/lib/libc/minimal/liblib__libc__minimal.a(string.c.obj)
                0x000000008000189c                strlen
 .text.strnlen  0x00000000800018bc       0x24 zephyr/lib/libc/minimal/liblib__libc__minimal.a(string.c.obj)
                0x00000000800018bc                strnlen
 .text.memset   0x00000000800018e0       0x20 zephyr/lib/libc/minimal/liblib__libc__minimal.a(string.c.obj)
                0x00000000800018e0                memset
 .text.xlnx_uartlite_read_status
                0x0000000080001900       0x2c zephyr/drivers/serial/libdrivers__serial.a(uart_xlnx_uartlite.c.obj)
 .text.xlnx_uartlite_poll_in
                0x000000008000192c       0x54 zephyr/drivers/serial/libdrivers__serial.a(uart_xlnx_uartlite.c.obj)
 .text.xlnx_uartlite_err_check
                0x0000000080001980       0x54 zephyr/drivers/serial/libdrivers__serial.a(uart_xlnx_uartlite.c.obj)
 .text.xlnx_uartlite_init
                0x00000000800019d4       0x18 zephyr/drivers/serial/libdrivers__serial.a(uart_xlnx_uartlite.c.obj)
 .text.xlnx_uartlite_poll_out
                0x00000000800019ec       0x4c zephyr/drivers/serial/libdrivers__serial.a(uart_xlnx_uartlite.c.obj)
 .text.timer_isr
                0x0000000080001a38       0x3c zephyr/drivers/timer/libdrivers__timer.a(riscv_machine_timer.c.obj)
 .text.sys_clock_driver_init
                0x0000000080001a74       0x3c zephyr/drivers/timer/libdrivers__timer.a(riscv_machine_timer.c.obj)
                0x0000000080001a74                sys_clock_driver_init
 .text.sys_clock_set_timeout
                0x0000000080001ab0       0xcc zephyr/drivers/timer/libdrivers__timer.a(riscv_machine_timer.c.obj)
                0x0000000080001ab0                sys_clock_set_timeout
 .text.sys_clock_elapsed
                0x0000000080001b7c       0x30 zephyr/drivers/timer/libdrivers__timer.a(riscv_machine_timer.c.obj)
                0x0000000080001b7c                sys_clock_elapsed
 .text.arch_system_halt
                0x0000000080001bac        0xc zephyr/kernel/libkernel.a(fatal.c.obj)
                0x0000000080001bac                arch_system_halt
 .text.k_sys_fatal_error_handler
                0x0000000080001bb8        0xc zephyr/kernel/libkernel.a(fatal.c.obj)
                0x0000000080001bb8                k_sys_fatal_error_handler
 .text.z_fatal_error
                0x0000000080001bc4       0x5c zephyr/kernel/libkernel.a(fatal.c.obj)
                0x0000000080001bc4                z_fatal_error
 .text.init_idle_thread
                0x0000000080001c20       0x8c zephyr/kernel/libkernel.a(init.c.obj)
 .text.bg_thread_main
                0x0000000080001cac       0x50 zephyr/kernel/libkernel.a(init.c.obj)
 .text.z_bss_zero
                0x0000000080001cfc       0x1c zephyr/kernel/libkernel.a(init.c.obj)
                0x0000000080001cfc                z_bss_zero
 .text.z_cstart
                0x0000000080001d18       0xe0 zephyr/kernel/libkernel.a(init.c.obj)
                0x0000000080001d18                z_cstart
 .text.z_check_stack_sentinel
                0x0000000080001df8       0x64 zephyr/kernel/libkernel.a(thread.c.obj)
                0x0000000080001df8                z_check_stack_sentinel
 .text.z_setup_new_thread
                0x0000000080001e5c       0x9c zephyr/kernel/libkernel.a(thread.c.obj)
                0x0000000080001e5c                z_setup_new_thread
 .text.z_init_static_threads
                0x0000000080001ef8       0xf0 zephyr/kernel/libkernel.a(thread.c.obj)
                0x0000000080001ef8                z_init_static_threads
 .text.idle     0x0000000080001fe8       0x1c zephyr/kernel/libkernel.a(idle.c.obj)
                0x0000000080001fe8                idle
 .text.sys_dlist_remove
                0x0000000080002004       0x1c zephyr/kernel/libkernel.a(sched.c.obj)
 .text.unpend_thread_no_timeout
                0x0000000080002020       0x34 zephyr/kernel/libkernel.a(sched.c.obj)
 .text.z_swap_irqlock
                0x0000000080002054       0x20 zephyr/kernel/libkernel.a(sched.c.obj)
 .text.z_reset_time_slice
                0x0000000080002074       0x58 zephyr/kernel/libkernel.a(sched.c.obj)
                0x0000000080002074                z_reset_time_slice
 .text.k_sched_time_slice_set
                0x00000000800020cc       0x6c zephyr/kernel/libkernel.a(sched.c.obj)
                0x00000000800020cc                k_sched_time_slice_set
 .text.z_reschedule
                0x0000000080002138       0x34 zephyr/kernel/libkernel.a(sched.c.obj)
                0x0000000080002138                z_reschedule
 .text.z_reschedule_irqlock
                0x000000008000216c       0x20 zephyr/kernel/libkernel.a(sched.c.obj)
                0x000000008000216c                z_reschedule_irqlock
 .text.z_reschedule_unlocked
                0x000000008000218c       0x10 zephyr/kernel/libkernel.a(sched.c.obj)
 .text.k_sched_lock
                0x000000008000219c       0x28 zephyr/kernel/libkernel.a(sched.c.obj)
                0x000000008000219c                k_sched_lock
 .text.z_priq_dumb_best
                0x00000000800021c4       0x14 zephyr/kernel/libkernel.a(sched.c.obj)
                0x00000000800021c4                z_priq_dumb_best
 .text.update_cache
                0x00000000800021d8       0x84 zephyr/kernel/libkernel.a(sched.c.obj)
 .text.move_thread_to_end_of_prio_q
                0x000000008000225c       0xbc zephyr/kernel/libkernel.a(sched.c.obj)
 .text.z_time_slice
                0x0000000080002318       0xa4 zephyr/kernel/libkernel.a(sched.c.obj)
                0x0000000080002318                z_time_slice
 .text.ready_thread
                0x00000000800023bc       0x9c zephyr/kernel/libkernel.a(sched.c.obj)
 .text.z_ready_thread
                0x0000000080002458       0x30 zephyr/kernel/libkernel.a(sched.c.obj)
                0x0000000080002458                z_ready_thread
 .text.z_sched_start
                0x0000000080002488       0x60 zephyr/kernel/libkernel.a(sched.c.obj)
                0x0000000080002488                z_sched_start
 .text.z_thread_timeout
                0x00000000800024e8       0x6c zephyr/kernel/libkernel.a(sched.c.obj)
                0x00000000800024e8                z_thread_timeout
 .text.k_sched_unlock
                0x0000000080002554       0x48 zephyr/kernel/libkernel.a(sched.c.obj)
                0x0000000080002554                k_sched_unlock
 .text.z_sched_init
                0x000000008000259c       0x24 zephyr/kernel/libkernel.a(sched.c.obj)
                0x000000008000259c                z_sched_init
 .text.z_impl_z_current_get
                0x00000000800025c0        0xc zephyr/kernel/libkernel.a(sched.c.obj)
                0x00000000800025c0                z_impl_z_current_get
 .text.z_thread_abort
                0x00000000800025cc       0xf4 zephyr/kernel/libkernel.a(sched.c.obj)
                0x00000000800025cc                z_thread_abort
 .text.z_impl_k_thread_abort
                0x00000000800026c0        0x4 zephyr/kernel/libkernel.a(sched.c.obj)
                0x00000000800026c0                z_impl_k_thread_abort
 .text.first    0x00000000800026c4       0x38 zephyr/kernel/libkernel.a(timeout.c.obj)
 .text.elapsed  0x00000000800026fc       0x18 zephyr/kernel/libkernel.a(timeout.c.obj)
 .text.next_timeout
                0x0000000080002714       0x7c zephyr/kernel/libkernel.a(timeout.c.obj)
 .text.next     0x0000000080002790       0x48 zephyr/kernel/libkernel.a(timeout.c.obj)
 .text.remove_timeout
                0x00000000800027d8       0x58 zephyr/kernel/libkernel.a(timeout.c.obj)
 .text.z_add_timeout
                0x0000000080002830      0x134 zephyr/kernel/libkernel.a(timeout.c.obj)
                0x0000000080002830                z_add_timeout
 .text.z_abort_timeout
                0x0000000080002964       0x44 zephyr/kernel/libkernel.a(timeout.c.obj)
                0x0000000080002964                z_abort_timeout
 .text.z_set_timeout_expiry
                0x00000000800029a8       0x58 zephyr/kernel/libkernel.a(timeout.c.obj)
                0x00000000800029a8                z_set_timeout_expiry
 .text.sys_clock_announce
                0x0000000080002a00      0x110 zephyr/kernel/libkernel.a(timeout.c.obj)
                0x0000000080002a00                sys_clock_announce
 .text.boot_banner
                0x0000000080002b10        0x4 zephyr/kernel/libkernel.a(banner.c.obj)
                0x0000000080002b10                boot_banner
 .text.z_device_state_init
                0x0000000080002b14        0x4 zephyr/kernel/libkernel.a(device.c.obj)
                0x0000000080002b14                z_device_state_init
 .text.z_sys_init_run_level
                0x0000000080002b18       0xac zephyr/kernel/libkernel.a(device.c.obj)
                0x0000000080002b18                z_sys_init_run_level
 *(SORT_BY_ALIGNMENT(.gnu.linkonce.t.*))
                0x0000000080002bc4                __text_region_end = .
                0x0000000080002bc4                __rodata_region_start = .

initlevel       0x0000000080002bc8       0x20
                0x0000000080002bc8                __init_start = .
                0x0000000080002bc8                __init_PRE_KERNEL_1_start = .
 *(SORT_BY_NAME(SORT_BY_ALIGNMENT(.z_init_PRE_KERNEL_1[0-9]_*)))
 *(SORT_BY_NAME(SORT_BY_ALIGNMENT(.z_init_PRE_KERNEL_1[1-9][0-9]_*)))
 .z_init_PRE_KERNEL_150_
                0x0000000080002bc8       0x10 zephyr/drivers/serial/libdrivers__serial.a(uart_xlnx_uartlite.c.obj)
                0x0000000080002bd8                __init_PRE_KERNEL_2_start = .
 *(SORT_BY_NAME(SORT_BY_ALIGNMENT(.z_init_PRE_KERNEL_2[0-9]_*)))
 .z_init_PRE_KERNEL_20_
                0x0000000080002bd8       0x10 zephyr/drivers/timer/libdrivers__timer.a(sys_clock_init.c.obj)
 *(SORT_BY_NAME(SORT_BY_ALIGNMENT(.z_init_PRE_KERNEL_2[1-9][0-9]_*)))
                0x0000000080002be8                __init_POST_KERNEL_start = .
 *(SORT_BY_NAME(SORT_BY_ALIGNMENT(.z_init_POST_KERNEL[0-9]_*)))
 *(SORT_BY_NAME(SORT_BY_ALIGNMENT(.z_init_POST_KERNEL[1-9][0-9]_*)))
                0x0000000080002be8                __init_APPLICATION_start = .
 *(SORT_BY_NAME(SORT_BY_ALIGNMENT(.z_init_APPLICATION[0-9]_*)))
 *(SORT_BY_NAME(SORT_BY_ALIGNMENT(.z_init_APPLICATION[1-9][0-9]_*)))
                0x0000000080002be8                __init_SMP_start = .
 *(SORT_BY_NAME(SORT_BY_ALIGNMENT(.z_init_SMP[0-9]_*)))
 *(SORT_BY_NAME(SORT_BY_ALIGNMENT(.z_init_SMP[1-9][0-9]_*)))
                0x0000000080002be8                __init_end = .

devices         0x0000000080002be8       0x60
                0x0000000080002be8                __device_start = .
                0x0000000080002be8                __device_PRE_KERNEL_1_start = .
 *(SORT_BY_NAME(SORT_BY_ALIGNMENT(.z_device_PRE_KERNEL_1[0-9]_*)))
 *(SORT_BY_NAME(SORT_BY_ALIGNMENT(.z_device_PRE_KERNEL_1[1-9][0-9]_*)))
 .z_device_PRE_KERNEL_150_
                0x0000000080002be8       0x30 zephyr/drivers/serial/libdrivers__serial.a(uart_xlnx_uartlite.c.obj)
                0x0000000080002be8                __device_dts_ord_12
                0x0000000080002c18                __device_PRE_KERNEL_2_start = .
 *(SORT_BY_NAME(SORT_BY_ALIGNMENT(.z_device_PRE_KERNEL_2[0-9]_*)))
 .z_device_PRE_KERNEL_20_
                0x0000000080002c18       0x30 zephyr/drivers/timer/libdrivers__timer.a(sys_clock_init.c.obj)
 *(SORT_BY_NAME(SORT_BY_ALIGNMENT(.z_device_PRE_KERNEL_2[1-9][0-9]_*)))
                0x0000000080002c48                __device_POST_KERNEL_start = .
 *(SORT_BY_NAME(SORT_BY_ALIGNMENT(.z_device_POST_KERNEL[0-9]_*)))
 *(SORT_BY_NAME(SORT_BY_ALIGNMENT(.z_device_POST_KERNEL[1-9][0-9]_*)))
                0x0000000080002c48                __device_APPLICATION_start = .
 *(SORT_BY_NAME(SORT_BY_ALIGNMENT(.z_device_APPLICATION[0-9]_*)))
 *(SORT_BY_NAME(SORT_BY_ALIGNMENT(.z_device_APPLICATION[1-9][0-9]_*)))
                0x0000000080002c48                __device_SMP_start = .
 *(SORT_BY_NAME(SORT_BY_ALIGNMENT(.z_device_SMP[0-9]_*)))
 *(SORT_BY_NAME(SORT_BY_ALIGNMENT(.z_device_SMP[1-9][0-9]_*)))
                0x0000000080002c48                __device_end = .

sw_isr_table    0x0000000080002c48      0x400
                0x0000000080002c48                . = ALIGN (0x0)
 *(SORT_BY_ALIGNMENT(.gnu.linkonce.sw_isr_table*))
 .gnu.linkonce.sw_isr_table
                0x0000000080002c48      0x400 zephyr/CMakeFiles/zephyr_final.dir/isr_tables.c.obj
                0x0000000080002c48                _sw_isr_table

initlevel_error
                0x0000000080002bc4        0x0
 *(SORT_BY_NAME(SORT_BY_ALIGNMENT(.z_init_[_A-Z0-9]*)))
                0x0000000000000001                ASSERT ((SIZEOF (initlevel_error) == 0x0), Undefined initialization levels used.)

app_shmem_regions
                0x0000000080003048        0x0
                0x0000000080003048                __app_shmem_regions_start = .
 *(SORT_BY_NAME(SORT_BY_ALIGNMENT(.app_regions.*)))
                0x0000000080003048                __app_shmem_regions_end = .

bt_l2cap_fixed_chan_area
                0x0000000080003048        0x0
                0x0000000080003048                _bt_l2cap_fixed_chan_list_start = .
 *(SORT_BY_NAME(SORT_BY_ALIGNMENT(._bt_l2cap_fixed_chan.static.*)))
                0x0000000080003048                _bt_l2cap_fixed_chan_list_end = .

bt_gatt_service_static_area
                0x0000000080003048        0x0
                0x0000000080003048                _bt_gatt_service_static_list_start = .
 *(SORT_BY_NAME(SORT_BY_ALIGNMENT(._bt_gatt_service_static.static.*)))
                0x0000000080003048                _bt_gatt_service_static_list_end = .

k_p4wq_initparam_area
                0x0000000080003048        0x0
                0x0000000080003048                _k_p4wq_initparam_list_start = .
 *(SORT_BY_NAME(SORT_BY_ALIGNMENT(._k_p4wq_initparam.static.*)))
                0x0000000080003048                _k_p4wq_initparam_list_end = .

log_strings_sections
                0x0000000080003048        0x0
                0x0000000080003048                __log_strings_start = .
 *(SORT_BY_NAME(SORT_BY_ALIGNMENT(.log_strings*)))
                0x0000000080003048                __log_strings_end = .

log_const_sections
                0x0000000080003048        0x0
                0x0000000080003048                __log_const_start = .
 *(SORT_BY_NAME(SORT_BY_ALIGNMENT(.log_const_*)))
                0x0000000080003048                __log_const_end = .

log_backends_sections
                0x0000000080003048        0x0
                0x0000000080003048                __log_backends_start = .
 *(SORT_BY_ALIGNMENT(._log_backend.*))
                0x0000000080003048                __log_backends_end = .

shell_area      0x0000000080003048        0x0
                0x0000000080003048                _shell_list_start = .
 *(SORT_BY_NAME(SORT_BY_ALIGNMENT(._shell.static.*)))
                0x0000000080003048                _shell_list_end = .

shell_root_cmds_sections
                0x0000000080003048        0x0
                0x0000000080003048                __shell_root_cmds_start = .
 *(SORT_BY_NAME(SORT_BY_ALIGNMENT(.shell_root_cmd_*)))
                0x0000000080003048                __shell_root_cmds_end = .

font_entry_sections
                0x0000000080003048        0x0
                0x0000000080003048                __font_entry_start = .
 *(SORT_BY_NAME(SORT_BY_ALIGNMENT(._cfb_font.*)))
                0x0000000080003048                __font_entry_end = .

tracing_backend_area
                0x0000000080003048        0x0
                0x0000000080003048                _tracing_backend_list_start = .
 *(SORT_BY_NAME(SORT_BY_ALIGNMENT(._tracing_backend.static.*)))
                0x0000000080003048                _tracing_backend_list_end = .

zephyr_dbg_info
 *(SORT_BY_ALIGNMENT(.dbg_thread_info))

device_handles  0x0000000080003048        0xa
                0x0000000080003048                __device_handles_start = .
 *(SORT_BY_NAME(SORT_BY_ALIGNMENT(.__device_handles_pass2*)))
 .__device_handles_pass2
                0x0000000080003048        0xa zephyr/CMakeFiles/zephyr_final.dir/dev_handles.c.obj
                0x0000000080003048                __devicehdl_sys_init_sys_clock_driver_init0
                0x000000008000304c                __devicehdl_DT_N_S_soc_S_serial_44a00000
                0x0000000080003052                __device_handles_end = .

rodata          0x0000000080003058      0x1f0
                0x0000000080003058                . = ALIGN (0x4)
 *(SORT_BY_ALIGNMENT(.srodata))
 *(SORT_BY_ALIGNMENT(.srodata.*))
 .srodata.xlnx_uartlite_0_config
                0x0000000080003058        0x8 zephyr/drivers/serial/libdrivers__serial.a(uart_xlnx_uartlite.c.obj)
 .srodata._k_neg_eagain
                0x0000000080003060        0x4 zephyr/kernel/libkernel.a(errno.c.obj)
                0x0000000080003060                _k_neg_eagain
 *(SORT_BY_ALIGNMENT(.rodata))
 *(SORT_BY_ALIGNMENT(.rodata.*))
 *fill*         0x0000000080003064        0x4 
 .rodata.main.str1.8
                0x0000000080003068        0x6 app/libapp.a(main.c.obj)
 *fill*         0x000000008000306e        0x2 
 .rodata.cbvprintf.str1.8
                0x0000000080003070        0x6 zephyr/libzephyr.a(cbprintf_complete.c.obj)
 *fill*         0x0000000080003076        0x2 
 .rodata.str1.8
                0x0000000080003078        0x7 zephyr/drivers/serial/libdrivers__serial.a(uart_xlnx_uartlite.c.obj)
 *fill*         0x000000008000307f        0x1 
 .rodata.xlnx_uartlite_driver_api
                0x0000000080003080       0x28 zephyr/drivers/serial/libdrivers__serial.a(uart_xlnx_uartlite.c.obj)
 .rodata.str1.8
                0x00000000800030a8        0xa zephyr/drivers/timer/libdrivers__timer.a(sys_clock_init.c.obj)
 *fill*         0x00000000800030b2        0x6 
 .rodata.z_cstart.str1.8
                0x00000000800030b8        0x5 zephyr/kernel/libkernel.a(init.c.obj)
 *fill*         0x00000000800030bd        0x3 
 .rodata.z_check_stack_sentinel.str1.8
                0x00000000800030c0       0x31 zephyr/kernel/libkernel.a(thread.c.obj)
 *fill*         0x00000000800030f1        0x7 
 .rodata.levels.0
                0x00000000800030f8       0x28 zephyr/kernel/libkernel.a(device.c.obj)
 .rodata.cbvprintf
                0x0000000080003120      0x128 zephyr/libzephyr.a(cbprintf_complete.c.obj)
 *(SORT_BY_ALIGNMENT(.gnu.linkonce.r.*))
 *(SORT_BY_ALIGNMENT(.sdata2) SORT_BY_ALIGNMENT(.sdata2.*) SORT_BY_ALIGNMENT(.gnu.linkonce.s2.*))
                0x0000000080003248                . = ALIGN (0x4)
                0x0000000080003248                __rodata_region_end = .
                0x0000000080003248                __rom_region_end = .
                0x0000000000003248                __rom_region_size = (__rom_region_end - __rom_region_start)

bss             0x0000000080003248      0x2c8
                0x0000000080003248                . = ALIGN (0x4)
                0x0000000080003248                __bss_start = .
                0x0000000080003248                _image_ram_start = .
                0x0000000080003248                __kernel_ram_start = .
 *(SORT_BY_ALIGNMENT(.sbss))
 *(SORT_BY_ALIGNMENT(.sbss.*))
 .sbss.xlnx_uartlite_0_data
                0x0000000080003248        0x4 zephyr/drivers/serial/libdrivers__serial.a(uart_xlnx_uartlite.c.obj)
 *fill*         0x000000008000324c        0x4 
 .sbss.last_count
                0x0000000080003250        0x8 zephyr/drivers/timer/libdrivers__timer.a(riscv_machine_timer.c.obj)
 .sbss.curr_tick
                0x0000000080003258        0x8 zephyr/kernel/libkernel.a(timeout.c.obj)
 .sbss.count    0x0000000080003260        0x4 app/libapp.a(main.c.obj)
                0x0000000080003260                count
 .sbss.idx.0    0x0000000080003264        0x4 app/libapp.a(main.c.obj)
 .sbss.slice_max_prio
                0x0000000080003268        0x4 zephyr/kernel/libkernel.a(sched.c.obj)
 .sbss.slice_time
                0x000000008000326c        0x4 zephyr/kernel/libkernel.a(sched.c.obj)
 .sbss.announce_remaining
                0x0000000080003270        0x4 zephyr/kernel/libkernel.a(timeout.c.obj)
 .sbss.z_sys_post_kernel
                0x0000000080003274        0x1 zephyr/kernel/libkernel.a(init.c.obj)
                0x0000000080003274                z_sys_post_kernel
 .sbss.timeout_list_init_done
                0x0000000080003275        0x1 zephyr/kernel/libkernel.a(timeout.c.obj)
 *(SORT_BY_ALIGNMENT(.bss))
 *(SORT_BY_ALIGNMENT(.bss.*))
 *fill*         0x0000000080003276        0x2 
 .bss.rxbuf     0x0000000080003278       0x64 app/libapp.a(main.c.obj)
                0x0000000080003278                rxbuf
 *fill*         0x00000000800032dc        0x4 
 .bss._kernel   0x00000000800032e0       0x40 zephyr/kernel/libkernel.a(init.c.obj)
                0x00000000800032e0                _kernel
 .bss.z_idle_threads
                0x0000000080003320       0xf8 zephyr/kernel/libkernel.a(init.c.obj)
                0x0000000080003320                z_idle_threads
 .bss.z_main_thread
                0x0000000080003418       0xf8 zephyr/kernel/libkernel.a(init.c.obj)
                0x0000000080003418                z_main_thread
 .bss.sched_spinlock
                0x0000000080003510        0x0 zephyr/kernel/libkernel.a(sched.c.obj)
                0x0000000080003510                sched_spinlock
 *(SORT_BY_ALIGNMENT(COMMON))
                0x0000000080003510                __bss_end = ALIGN (0x4)

noinit          0x0000000080003510     0x1a00
 *(SORT_BY_ALIGNMENT(.noinit))
 *(SORT_BY_ALIGNMENT(.noinit.*))
 .noinit."WEST_TOPDIR/zephyr/kernel/init.c".0
                0x0000000080003510     0x1000 zephyr/kernel/libkernel.a(init.c.obj)
                0x0000000080003510                z_main_stack
 .noinit."WEST_TOPDIR/zephyr/kernel/init.c".1
                0x0000000080004510      0x200 zephyr/kernel/libkernel.a(init.c.obj)
 .noinit."WEST_TOPDIR/zephyr/kernel/init.c".2
                0x0000000080004710      0x800 zephyr/kernel/libkernel.a(init.c.obj)
                0x0000000080004710                z_interrupt_stacks

datas           0x0000000080004f10       0x18
                0x0000000080004f10                . = ALIGN (0x4)
                0x0000000080004f10                __data_region_start = .
                0x0000000080004f10                __data_start = .
 *(SORT_BY_ALIGNMENT(.data))
 *(SORT_BY_ALIGNMENT(.data.*))
 .data.timeout_list
                0x0000000080004f10       0x10 zephyr/kernel/libkernel.a(timeout.c.obj)
 *(SORT_BY_ALIGNMENT(.sdata) SORT_BY_ALIGNMENT(.sdata.*) SORT_BY_ALIGNMENT(.gnu.linkonce.s.*))
 .sdata._char_out
                0x0000000080004f20        0x8 zephyr/libzephyr.a(printk.c.obj)
                0x0000000080004f20                _char_out
                0x0000000080004f28                __data_end = .
                0x0000000000000018                __data_size = (__data_end - __data_start)
                0x0000000080004f10                __data_load_start = LOADADDR (datas)
                0x0000000080004f10                __data_region_load_start = LOADADDR (datas)

device_states   0x0000000080004f28        0xc
                0x0000000080004f28                __device_states_start = .
 *(SORT_BY_ALIGNMENT(.z_devstate))
 .z_devstate    0x0000000080004f28        0x4 zephyr/drivers/serial/libdrivers__serial.a(uart_xlnx_uartlite.c.obj)
 *fill*         0x0000000080004f2c        0x4 
 .z_devstate    0x0000000080004f30        0x4 zephyr/drivers/timer/libdrivers__timer.a(sys_clock_init.c.obj)
 *(SORT_BY_ALIGNMENT(.z_devstate.*))
                0x0000000080004f34                __device_states_end = .

initshell       0x0000000080004f34        0x0
                0x0000000080004f34                __shell_module_start = .
 *(SORT_BY_ALIGNMENT(.shell_module_*))
                0x0000000080004f34                __shell_module_end = .
                0x0000000080004f34                __shell_cmd_start = .
 *(SORT_BY_ALIGNMENT(.shell_cmd_*))
                0x0000000080004f34                __shell_cmd_end = .

log_dynamic_sections
                0x0000000080004f34        0x0
                0x0000000080004f34                __log_dynamic_start = .
 *(SORT_BY_NAME(SORT_BY_ALIGNMENT(.log_dynamic_*)))
                0x0000000080004f34                __log_dynamic_end = .

_static_thread_data_area
                0x0000000080004f34        0x0
                0x0000000080004f34                __static_thread_data_list_start = .
 *(SORT_BY_NAME(SORT_BY_ALIGNMENT(.__static_thread_data.static.*)))
                0x0000000080004f34                __static_thread_data_list_end = .

k_timer_area    0x0000000080004f34        0x0
                0x0000000080004f34                _k_timer_list_start = .
 *(SORT_BY_NAME(SORT_BY_ALIGNMENT(._k_timer.static.*)))
                0x0000000080004f34                _k_timer_list_end = .

k_mem_slab_area
                0x0000000080004f34        0x0
                0x0000000080004f34                _k_mem_slab_list_start = .
 *(SORT_BY_NAME(SORT_BY_ALIGNMENT(._k_mem_slab.static.*)))
                0x0000000080004f34                _k_mem_slab_list_end = .

k_mem_pool_area
                0x0000000080004f34        0x0
                0x0000000080004f34                _k_mem_pool_list_start = .
 *(SORT_BY_NAME(SORT_BY_ALIGNMENT(._k_mem_pool.static.*)))
                0x0000000080004f34                _k_mem_pool_list_end = .

k_heap_area     0x0000000080004f34        0x0
                0x0000000080004f34                _k_heap_list_start = .
 *(SORT_BY_NAME(SORT_BY_ALIGNMENT(._k_heap.static.*)))
                0x0000000080004f34                _k_heap_list_end = .

k_mutex_area    0x0000000080004f34        0x0
                0x0000000080004f34                _k_mutex_list_start = .
 *(SORT_BY_NAME(SORT_BY_ALIGNMENT(._k_mutex.static.*)))
                0x0000000080004f34                _k_mutex_list_end = .

k_stack_area    0x0000000080004f34        0x0
                0x0000000080004f34                _k_stack_list_start = .
 *(SORT_BY_NAME(SORT_BY_ALIGNMENT(._k_stack.static.*)))
                0x0000000080004f34                _k_stack_list_end = .

k_msgq_area     0x0000000080004f34        0x0
                0x0000000080004f34                _k_msgq_list_start = .
 *(SORT_BY_NAME(SORT_BY_ALIGNMENT(._k_msgq.static.*)))
                0x0000000080004f34                _k_msgq_list_end = .

k_mbox_area     0x0000000080004f34        0x0
                0x0000000080004f34                _k_mbox_list_start = .
 *(SORT_BY_NAME(SORT_BY_ALIGNMENT(._k_mbox.static.*)))
                0x0000000080004f34                _k_mbox_list_end = .

k_pipe_area     0x0000000080004f34        0x0
                0x0000000080004f34                _k_pipe_list_start = .
 *(SORT_BY_NAME(SORT_BY_ALIGNMENT(._k_pipe.static.*)))
                0x0000000080004f34                _k_pipe_list_end = .

k_sem_area      0x0000000080004f34        0x0
                0x0000000080004f34                _k_sem_list_start = .
 *(SORT_BY_NAME(SORT_BY_ALIGNMENT(._k_sem.static.*)))
                0x0000000080004f34                _k_sem_list_end = .

k_event_area    0x0000000080004f34        0x0
                0x0000000080004f34                _k_event_list_start = .
 *(SORT_BY_NAME(SORT_BY_ALIGNMENT(._k_event.static.*)))
                0x0000000080004f34                _k_event_list_end = .

k_queue_area    0x0000000080004f34        0x0
                0x0000000080004f34                _k_queue_list_start = .
 *(SORT_BY_NAME(SORT_BY_ALIGNMENT(._k_queue.static.*)))
                0x0000000080004f34                _k_queue_list_end = .

k_condvar_area  0x0000000080004f34        0x0
                0x0000000080004f34                _k_condvar_list_start = .
 *(SORT_BY_NAME(SORT_BY_ALIGNMENT(._k_condvar.static.*)))
                0x0000000080004f34                _k_condvar_list_end = .

_net_buf_pool_area
                0x0000000080004f34        0x0
                0x0000000080004f34                _net_buf_pool_list = .
 *(SORT_BY_NAME(SORT_BY_ALIGNMENT(._net_buf_pool.static.*)))
                0x0000000080004f34                __data_region_end = .
                0x0000000080004f34                _image_ram_end = .
                0x0000000080004f34                _end = .
                0x0000000080004f34                __kernel_ram_end = .
                0x0000000000001cec                __kernel_ram_size = (__kernel_ram_end - __kernel_ram_start)

/DISCARD/
 *(SORT_BY_ALIGNMENT(.irq_info*))
 *(SORT_BY_ALIGNMENT(.intList*))
 *(SORT_BY_ALIGNMENT(.note.GNU-stack))

.stab
 *(SORT_BY_ALIGNMENT(.stab))

.stabstr
 *(SORT_BY_ALIGNMENT(.stabstr))

.stab.excl
 *(SORT_BY_ALIGNMENT(.stab.excl))

.stab.exclstr
 *(SORT_BY_ALIGNMENT(.stab.exclstr))

.stab.index
 *(SORT_BY_ALIGNMENT(.stab.index))

.stab.indexstr
 *(SORT_BY_ALIGNMENT(.stab.indexstr))

.gnu.build.attributes
 *(SORT_BY_ALIGNMENT(.gnu.build.attributes) SORT_BY_ALIGNMENT(.gnu.build.attributes.*))

.comment        0x0000000000000000       0x2e
 *(SORT_BY_ALIGNMENT(.comment))
 .comment       0x0000000000000000       0x2e zephyr/CMakeFiles/zephyr_final.dir/isr_tables.c.obj
                                         0x2f (size before relaxing)
 .comment       0x000000000000002e       0x2f zephyr/CMakeFiles/zephyr_final.dir/dev_handles.c.obj
 .comment       0x000000000000002e       0x2f zephyr/CMakeFiles/offsets.dir/./arch/riscv/core/offsets/offsets.c.obj
 .comment       0x000000000000002e       0x2f app/libapp.a(main.c.obj)
 .comment       0x000000000000002e       0x2f zephyr/libzephyr.a(printk.c.obj)
 .comment       0x000000000000002e       0x2f zephyr/libzephyr.a(thread_entry.c.obj)
 .comment       0x000000000000002e       0x2f zephyr/libzephyr.a(cbprintf_complete.c.obj)
 .comment       0x000000000000002e       0x2f zephyr/libzephyr.a(configs.c.obj)
 .comment       0x000000000000002e       0x2f zephyr/libzephyr.a(idle.c.obj)
 .comment       0x000000000000002e       0x2f zephyr/libzephyr.a(soc_common_irq.c.obj)
 .comment       0x000000000000002e       0x2f zephyr/libzephyr.a(tracing_none.c.obj)
 .comment       0x000000000000002e       0x2f zephyr/arch/arch/riscv/core/libarch__riscv__core.a(fatal.c.obj)
 .comment       0x000000000000002e       0x2f zephyr/arch/arch/riscv/core/libarch__riscv__core.a(irq_manage.c.obj)
 .comment       0x000000000000002e       0x2f zephyr/arch/arch/riscv/core/libarch__riscv__core.a(prep_c.c.obj)
 .comment       0x000000000000002e       0x2f zephyr/arch/arch/riscv/core/libarch__riscv__core.a(thread.c.obj)
 .comment       0x000000000000002e       0x2f zephyr/lib/libc/minimal/liblib__libc__minimal.a(string.c.obj)
 .comment       0x000000000000002e       0x2f zephyr/drivers/serial/libdrivers__serial.a(uart_xlnx_uartlite.c.obj)
 .comment       0x000000000000002e       0x2f zephyr/drivers/timer/libdrivers__timer.a(sys_clock_init.c.obj)
 .comment       0x000000000000002e       0x2f zephyr/drivers/timer/libdrivers__timer.a(riscv_machine_timer.c.obj)
 .comment       0x000000000000002e       0x2f zephyr/kernel/libkernel.a(errno.c.obj)
 .comment       0x000000000000002e       0x2f zephyr/kernel/libkernel.a(fatal.c.obj)
 .comment       0x000000000000002e       0x2f zephyr/kernel/libkernel.a(init.c.obj)
 .comment       0x000000000000002e       0x2f zephyr/kernel/libkernel.a(thread.c.obj)
 .comment       0x000000000000002e       0x2f zephyr/kernel/libkernel.a(idle.c.obj)
 .comment       0x000000000000002e       0x2f zephyr/kernel/libkernel.a(sched.c.obj)
 .comment       0x000000000000002e       0x2f zephyr/kernel/libkernel.a(timeout.c.obj)
 .comment       0x000000000000002e       0x2f zephyr/kernel/libkernel.a(banner.c.obj)
 .comment       0x000000000000002e       0x2f zephyr/kernel/libkernel.a(device.c.obj)

.debug
 *(SORT_BY_ALIGNMENT(.debug))

.line
 *(SORT_BY_ALIGNMENT(.line))

.debug_srcinfo
 *(SORT_BY_ALIGNMENT(.debug_srcinfo))

.debug_sfnames
 *(SORT_BY_ALIGNMENT(.debug_sfnames))

.debug_aranges  0x0000000000000000     0x1000
 *(SORT_BY_ALIGNMENT(.debug_aranges))
 .debug_aranges
                0x0000000000000000       0x40 zephyr/libzephyr.a(soc_irq.S.obj)
 .debug_aranges
                0x0000000000000040       0x30 zephyr/libzephyr.a(vector.S.obj)
 .debug_aranges
                0x0000000000000070       0x30 zephyr/arch/arch/riscv/core/libarch__riscv__core.a(isr.S.obj)
 .debug_aranges
                0x00000000000000a0       0x40 zephyr/arch/arch/riscv/core/libarch__riscv__core.a(reset.S.obj)
 .debug_aranges
                0x00000000000000e0       0x40 zephyr/arch/arch/riscv/core/libarch__riscv__core.a(swap.S.obj)
 .debug_aranges
                0x0000000000000120       0x20 zephyr/CMakeFiles/zephyr_final.dir/isr_tables.c.obj
 .debug_aranges
                0x0000000000000140       0x20 zephyr/CMakeFiles/zephyr_final.dir/dev_handles.c.obj
 .debug_aranges
                0x0000000000000160       0x30 zephyr/CMakeFiles/offsets.dir/./arch/riscv/core/offsets/offsets.c.obj
 .debug_aranges
                0x0000000000000190       0x30 app/libapp.a(main.c.obj)
 .debug_aranges
                0x00000000000001c0       0xc0 zephyr/libzephyr.a(printk.c.obj)
 .debug_aranges
                0x0000000000000280       0x30 zephyr/libzephyr.a(thread_entry.c.obj)
 .debug_aranges
                0x00000000000002b0       0x60 zephyr/libzephyr.a(cbprintf_complete.c.obj)
 .debug_aranges
                0x0000000000000310       0x30 zephyr/libzephyr.a(configs.c.obj)
 .debug_aranges
                0x0000000000000340       0x40 zephyr/libzephyr.a(idle.c.obj)
 .debug_aranges
                0x0000000000000380       0x70 zephyr/libzephyr.a(soc_common_irq.c.obj)
 .debug_aranges
                0x00000000000003f0       0x30 zephyr/libzephyr.a(tracing_none.c.obj)
 .debug_aranges
                0x0000000000000420       0x40 zephyr/arch/arch/riscv/core/libarch__riscv__core.a(fatal.c.obj)
 .debug_aranges
                0x0000000000000460       0x30 zephyr/arch/arch/riscv/core/libarch__riscv__core.a(irq_manage.c.obj)
 .debug_aranges
                0x0000000000000490       0x30 zephyr/arch/arch/riscv/core/libarch__riscv__core.a(prep_c.c.obj)
 .debug_aranges
                0x00000000000004c0       0x30 zephyr/arch/arch/riscv/core/libarch__riscv__core.a(thread.c.obj)
 .debug_aranges
                0x00000000000004f0      0x120 zephyr/lib/libc/minimal/liblib__libc__minimal.a(string.c.obj)
 .debug_aranges
                0x0000000000000610       0x70 zephyr/drivers/serial/libdrivers__serial.a(uart_xlnx_uartlite.c.obj)
 .debug_aranges
                0x0000000000000680       0x70 zephyr/drivers/timer/libdrivers__timer.a(sys_clock_init.c.obj)
 .debug_aranges
                0x00000000000006f0       0x70 zephyr/drivers/timer/libdrivers__timer.a(riscv_machine_timer.c.obj)
 .debug_aranges
                0x0000000000000760       0x30 zephyr/kernel/libkernel.a(errno.c.obj)
 .debug_aranges
                0x0000000000000790       0xa0 zephyr/kernel/libkernel.a(fatal.c.obj)
 .debug_aranges
                0x0000000000000830       0x70 zephyr/kernel/libkernel.a(init.c.obj)
 .debug_aranges
                0x00000000000008a0      0x140 zephyr/kernel/libkernel.a(thread.c.obj)
 .debug_aranges
                0x00000000000009e0       0x40 zephyr/kernel/libkernel.a(idle.c.obj)
 .debug_aranges
                0x0000000000000a20      0x3f0 zephyr/kernel/libkernel.a(sched.c.obj)
 .debug_aranges
                0x0000000000000e10      0x140 zephyr/kernel/libkernel.a(timeout.c.obj)
 .debug_aranges
                0x0000000000000f50       0x30 zephyr/kernel/libkernel.a(banner.c.obj)
 .debug_aranges
                0x0000000000000f80       0x80 zephyr/kernel/libkernel.a(device.c.obj)

.debug_pubnames
 *(SORT_BY_ALIGNMENT(.debug_pubnames))

.debug_info     0x0000000000000000    0x17a8e
 *(SORT_BY_ALIGNMENT(.debug_info) SORT_BY_ALIGNMENT(.gnu.linkonce.wi.*))
 .debug_info    0x0000000000000000       0xf4 zephyr/CMakeFiles/zephyr_final.dir/isr_tables.c.obj
 .debug_info    0x00000000000000f4      0x164 zephyr/CMakeFiles/zephyr_final.dir/dev_handles.c.obj
 .debug_info    0x0000000000000258       0x9f zephyr/CMakeFiles/offsets.dir/./arch/riscv/core/offsets/offsets.c.obj
 .debug_info    0x00000000000002f7      0x650 app/libapp.a(main.c.obj)
 .debug_info    0x0000000000000947      0x534 zephyr/libzephyr.a(printk.c.obj)
 .debug_info    0x0000000000000e7b      0x657 zephyr/libzephyr.a(thread_entry.c.obj)
 .debug_info    0x00000000000014d2     0x14d8 zephyr/libzephyr.a(cbprintf_complete.c.obj)
 .debug_info    0x00000000000029aa       0x44 zephyr/libzephyr.a(configs.c.obj)
 .debug_info    0x00000000000029ee      0x1df zephyr/libzephyr.a(idle.c.obj)
 .debug_info    0x0000000000002bcd       0x22 zephyr/libzephyr.a(soc_irq.S.obj)
 .debug_info    0x0000000000002bef      0x1e8 zephyr/libzephyr.a(soc_common_irq.c.obj)
 .debug_info    0x0000000000002dd7       0x2e zephyr/libzephyr.a(vector.S.obj)
 .debug_info    0x0000000000002e05       0xbd zephyr/libzephyr.a(tracing_none.c.obj)
 .debug_info    0x0000000000002ec2     0x4c0a zephyr/arch/arch/riscv/core/libarch__riscv__core.a(fatal.c.obj)
 .debug_info    0x0000000000007acc      0x8a0 zephyr/arch/arch/riscv/core/libarch__riscv__core.a(irq_manage.c.obj)
 .debug_info    0x000000000000836c       0x2e zephyr/arch/arch/riscv/core/libarch__riscv__core.a(isr.S.obj)
 .debug_info    0x000000000000839a       0xef zephyr/arch/arch/riscv/core/libarch__riscv__core.a(prep_c.c.obj)
 .debug_info    0x0000000000008489       0x22 zephyr/arch/arch/riscv/core/libarch__riscv__core.a(reset.S.obj)
 .debug_info    0x00000000000084ab       0x22 zephyr/arch/arch/riscv/core/libarch__riscv__core.a(swap.S.obj)
 .debug_info    0x00000000000084cd      0x6fc zephyr/arch/arch/riscv/core/libarch__riscv__core.a(thread.c.obj)
 .debug_info    0x0000000000008bc9      0x6e0 zephyr/lib/libc/minimal/liblib__libc__minimal.a(string.c.obj)
 .debug_info    0x00000000000092a9      0x872 zephyr/drivers/serial/libdrivers__serial.a(uart_xlnx_uartlite.c.obj)
 .debug_info    0x0000000000009b1b      0x3f1 zephyr/drivers/timer/libdrivers__timer.a(sys_clock_init.c.obj)
 .debug_info    0x0000000000009f0c      0x7f9 zephyr/drivers/timer/libdrivers__timer.a(riscv_machine_timer.c.obj)
 .debug_info    0x000000000000a705      0x678 zephyr/kernel/libkernel.a(errno.c.obj)
 .debug_info    0x000000000000ad7d     0x1b85 zephyr/kernel/libkernel.a(fatal.c.obj)
 .debug_info    0x000000000000c902      0xd2e zephyr/kernel/libkernel.a(init.c.obj)
 .debug_info    0x000000000000d630     0x21fc zephyr/kernel/libkernel.a(thread.c.obj)
 .debug_info    0x000000000000f82c      0x278 zephyr/kernel/libkernel.a(idle.c.obj)
 .debug_info    0x000000000000faa4     0x5da4 zephyr/kernel/libkernel.a(sched.c.obj)
 .debug_info    0x0000000000015848     0x1b34 zephyr/kernel/libkernel.a(timeout.c.obj)
 .debug_info    0x000000000001737c       0xd6 zephyr/kernel/libkernel.a(banner.c.obj)
 .debug_info    0x0000000000017452      0x63c zephyr/kernel/libkernel.a(device.c.obj)

.debug_abbrev   0x0000000000000000     0x3eda
 *(SORT_BY_ALIGNMENT(.debug_abbrev))
 .debug_abbrev  0x0000000000000000       0xb0 zephyr/CMakeFiles/zephyr_final.dir/isr_tables.c.obj
 .debug_abbrev  0x00000000000000b0       0x82 zephyr/CMakeFiles/zephyr_final.dir/dev_handles.c.obj
 .debug_abbrev  0x0000000000000132       0x44 zephyr/CMakeFiles/offsets.dir/./arch/riscv/core/offsets/offsets.c.obj
 .debug_abbrev  0x0000000000000176      0x2a8 app/libapp.a(main.c.obj)
 .debug_abbrev  0x000000000000041e      0x24b zephyr/libzephyr.a(printk.c.obj)
 .debug_abbrev  0x0000000000000669      0x210 zephyr/libzephyr.a(thread_entry.c.obj)
 .debug_abbrev  0x0000000000000879      0x3b3 zephyr/libzephyr.a(cbprintf_complete.c.obj)
 .debug_abbrev  0x0000000000000c2c       0x2e zephyr/libzephyr.a(configs.c.obj)
 .debug_abbrev  0x0000000000000c5a      0x11c zephyr/libzephyr.a(idle.c.obj)
 .debug_abbrev  0x0000000000000d76       0x12 zephyr/libzephyr.a(soc_irq.S.obj)
 .debug_abbrev  0x0000000000000d88      0x10f zephyr/libzephyr.a(soc_common_irq.c.obj)
 .debug_abbrev  0x0000000000000e97       0x14 zephyr/libzephyr.a(vector.S.obj)
 .debug_abbrev  0x0000000000000eab       0x5e zephyr/libzephyr.a(tracing_none.c.obj)
 .debug_abbrev  0x0000000000000f09      0x235 zephyr/arch/arch/riscv/core/libarch__riscv__core.a(fatal.c.obj)
 .debug_abbrev  0x000000000000113e      0x1cd zephyr/arch/arch/riscv/core/libarch__riscv__core.a(irq_manage.c.obj)
 .debug_abbrev  0x000000000000130b       0x14 zephyr/arch/arch/riscv/core/libarch__riscv__core.a(isr.S.obj)
 .debug_abbrev  0x000000000000131f       0x64 zephyr/arch/arch/riscv/core/libarch__riscv__core.a(prep_c.c.obj)
 .debug_abbrev  0x0000000000001383       0x12 zephyr/arch/arch/riscv/core/libarch__riscv__core.a(reset.S.obj)
 .debug_abbrev  0x0000000000001395       0x12 zephyr/arch/arch/riscv/core/libarch__riscv__core.a(swap.S.obj)
 .debug_abbrev  0x00000000000013a7      0x1c2 zephyr/arch/arch/riscv/core/libarch__riscv__core.a(thread.c.obj)
 .debug_abbrev  0x0000000000001569      0x1a0 zephyr/lib/libc/minimal/liblib__libc__minimal.a(string.c.obj)
 .debug_abbrev  0x0000000000001709      0x32f zephyr/drivers/serial/libdrivers__serial.a(uart_xlnx_uartlite.c.obj)
 .debug_abbrev  0x0000000000001a38      0x212 zephyr/drivers/timer/libdrivers__timer.a(sys_clock_init.c.obj)
 .debug_abbrev  0x0000000000001c4a      0x36b zephyr/drivers/timer/libdrivers__timer.a(riscv_machine_timer.c.obj)
 .debug_abbrev  0x0000000000001fb5      0x17c zephyr/kernel/libkernel.a(errno.c.obj)
 .debug_abbrev  0x0000000000002131      0x432 zephyr/kernel/libkernel.a(fatal.c.obj)
 .debug_abbrev  0x0000000000002563      0x42c zephyr/kernel/libkernel.a(init.c.obj)
 .debug_abbrev  0x000000000000298f      0x55f zephyr/kernel/libkernel.a(thread.c.obj)
 .debug_abbrev  0x0000000000002eee      0x152 zephyr/kernel/libkernel.a(idle.c.obj)
 .debug_abbrev  0x0000000000003040      0x636 zephyr/kernel/libkernel.a(sched.c.obj)
 .debug_abbrev  0x0000000000003676      0x4cf zephyr/kernel/libkernel.a(timeout.c.obj)
 .debug_abbrev  0x0000000000003b45       0x89 zephyr/kernel/libkernel.a(banner.c.obj)
 .debug_abbrev  0x0000000000003bce      0x30c zephyr/kernel/libkernel.a(device.c.obj)

.debug_line     0x0000000000000000     0xf21b
 *(SORT_BY_ALIGNMENT(.debug_line) SORT_BY_ALIGNMENT(.debug_line.*) SORT_BY_ALIGNMENT(.debug_line_end))
 .debug_line    0x0000000000000000       0x9e zephyr/CMakeFiles/zephyr_final.dir/isr_tables.c.obj
 .debug_line    0x000000000000009e       0xef zephyr/CMakeFiles/zephyr_final.dir/dev_handles.c.obj
 .debug_line    0x000000000000018d      0x231 zephyr/CMakeFiles/offsets.dir/./arch/riscv/core/offsets/offsets.c.obj
 .debug_line    0x00000000000003be      0x534 app/libapp.a(main.c.obj)
 .debug_line    0x00000000000008f2      0x514 zephyr/libzephyr.a(printk.c.obj)
 .debug_line    0x0000000000000e06      0x378 zephyr/libzephyr.a(thread_entry.c.obj)
 .debug_line    0x000000000000117e     0x2596 zephyr/libzephyr.a(cbprintf_complete.c.obj)
 .debug_line    0x0000000000003714      0x3bc zephyr/libzephyr.a(configs.c.obj)
 .debug_line    0x0000000000003ad0      0x1fc zephyr/libzephyr.a(idle.c.obj)
 .debug_line    0x0000000000003ccc       0xce zephyr/libzephyr.a(soc_irq.S.obj)
 .debug_line    0x0000000000003d9a      0x281 zephyr/libzephyr.a(soc_common_irq.c.obj)
 .debug_line    0x000000000000401b       0x8f zephyr/libzephyr.a(vector.S.obj)
 .debug_line    0x00000000000040aa       0x81 zephyr/libzephyr.a(tracing_none.c.obj)
 .debug_line    0x000000000000412b      0x359 zephyr/arch/arch/riscv/core/libarch__riscv__core.a(fatal.c.obj)
 .debug_line    0x0000000000004484      0x2dd zephyr/arch/arch/riscv/core/libarch__riscv__core.a(irq_manage.c.obj)
 .debug_line    0x0000000000004761      0x234 zephyr/arch/arch/riscv/core/libarch__riscv__core.a(isr.S.obj)
 .debug_line    0x0000000000004995      0x13b zephyr/arch/arch/riscv/core/libarch__riscv__core.a(prep_c.c.obj)
 .debug_line    0x0000000000004ad0       0xc7 zephyr/arch/arch/riscv/core/libarch__riscv__core.a(reset.S.obj)
 .debug_line    0x0000000000004b97       0xaf zephyr/arch/arch/riscv/core/libarch__riscv__core.a(swap.S.obj)
 .debug_line    0x0000000000004c46      0x384 zephyr/arch/arch/riscv/core/libarch__riscv__core.a(thread.c.obj)
 .debug_line    0x0000000000004fca      0xabb zephyr/lib/libc/minimal/liblib__libc__minimal.a(string.c.obj)
 .debug_line    0x0000000000005a85      0x56b zephyr/drivers/serial/libdrivers__serial.a(uart_xlnx_uartlite.c.obj)
 .debug_line    0x0000000000005ff0      0x1f4 zephyr/drivers/timer/libdrivers__timer.a(sys_clock_init.c.obj)
 .debug_line    0x00000000000061e4      0x7bb zephyr/drivers/timer/libdrivers__timer.a(riscv_machine_timer.c.obj)
 .debug_line    0x000000000000699f      0x33c zephyr/kernel/libkernel.a(errno.c.obj)
 .debug_line    0x0000000000006cdb      0x693 zephyr/kernel/libkernel.a(fatal.c.obj)
 .debug_line    0x000000000000736e      0x871 zephyr/kernel/libkernel.a(init.c.obj)
 .debug_line    0x0000000000007bdf      0xf19 zephyr/kernel/libkernel.a(thread.c.obj)
 .debug_line    0x0000000000008af8      0x2ec zephyr/kernel/libkernel.a(idle.c.obj)
 .debug_line    0x0000000000008de4     0x4625 zephyr/kernel/libkernel.a(sched.c.obj)
 .debug_line    0x000000000000d409     0x167a zephyr/kernel/libkernel.a(timeout.c.obj)
 .debug_line    0x000000000000ea83      0x125 zephyr/kernel/libkernel.a(banner.c.obj)
 .debug_line    0x000000000000eba8      0x673 zephyr/kernel/libkernel.a(device.c.obj)

.debug_frame    0x0000000000000000     0x1b60
 *(SORT_BY_ALIGNMENT(.debug_frame))
 .debug_frame   0x0000000000000000       0x28 zephyr/CMakeFiles/offsets.dir/./arch/riscv/core/offsets/offsets.c.obj
 .debug_frame   0x0000000000000028       0x40 app/libapp.a(main.c.obj)
 .debug_frame   0x0000000000000068      0x160 zephyr/libzephyr.a(printk.c.obj)
 .debug_frame   0x00000000000001c8       0x30 zephyr/libzephyr.a(thread_entry.c.obj)
 .debug_frame   0x00000000000001f8       0xd8 zephyr/libzephyr.a(cbprintf_complete.c.obj)
 .debug_frame   0x00000000000002d0       0x28 zephyr/libzephyr.a(configs.c.obj)
 .debug_frame   0x00000000000002f8       0x60 zephyr/libzephyr.a(idle.c.obj)
 .debug_frame   0x0000000000000358       0x88 zephyr/libzephyr.a(soc_common_irq.c.obj)
 .debug_frame   0x00000000000003e0       0x70 zephyr/libzephyr.a(tracing_none.c.obj)
 .debug_frame   0x0000000000000450       0x50 zephyr/arch/arch/riscv/core/libarch__riscv__core.a(fatal.c.obj)
 .debug_frame   0x00000000000004a0       0x30 zephyr/arch/arch/riscv/core/libarch__riscv__core.a(irq_manage.c.obj)
 .debug_frame   0x00000000000004d0       0x30 zephyr/arch/arch/riscv/core/libarch__riscv__core.a(prep_c.c.obj)
 .debug_frame   0x0000000000000500       0x28 zephyr/arch/arch/riscv/core/libarch__riscv__core.a(thread.c.obj)
 .debug_frame   0x0000000000000528      0x1e0 zephyr/lib/libc/minimal/liblib__libc__minimal.a(string.c.obj)
 .debug_frame   0x0000000000000708       0xc8 zephyr/drivers/serial/libdrivers__serial.a(uart_xlnx_uartlite.c.obj)
 .debug_frame   0x00000000000007d0       0xa0 zephyr/drivers/timer/libdrivers__timer.a(sys_clock_init.c.obj)
 .debug_frame   0x0000000000000870       0x98 zephyr/drivers/timer/libdrivers__timer.a(riscv_machine_timer.c.obj)
 .debug_frame   0x0000000000000908       0x28 zephyr/kernel/libkernel.a(errno.c.obj)
 .debug_frame   0x0000000000000930      0x110 zephyr/kernel/libkernel.a(fatal.c.obj)
 .debug_frame   0x0000000000000a40       0xc0 zephyr/kernel/libkernel.a(init.c.obj)
 .debug_frame   0x0000000000000b00      0x248 zephyr/kernel/libkernel.a(thread.c.obj)
 .debug_frame   0x0000000000000d48       0x48 zephyr/kernel/libkernel.a(idle.c.obj)
 .debug_frame   0x0000000000000d90      0x980 zephyr/kernel/libkernel.a(sched.c.obj)
 .debug_frame   0x0000000000001710      0x318 zephyr/kernel/libkernel.a(timeout.c.obj)
 .debug_frame   0x0000000000001a28       0x28 zephyr/kernel/libkernel.a(banner.c.obj)
 .debug_frame   0x0000000000001a50      0x110 zephyr/kernel/libkernel.a(device.c.obj)

.debug_str      0x0000000000000000     0x30ef
 *(SORT_BY_ALIGNMENT(.debug_str))
 .debug_str     0x0000000000000000      0x1ef zephyr/CMakeFiles/zephyr_final.dir/isr_tables.c.obj
                                        0x223 (size before relaxing)
 .debug_str     0x00000000000001ef      0x1fb zephyr/CMakeFiles/zephyr_final.dir/dev_handles.c.obj
                                        0x3cd (size before relaxing)
 .debug_str     0x00000000000003ea       0x56 zephyr/CMakeFiles/offsets.dir/./arch/riscv/core/offsets/offsets.c.obj
                                        0x226 (size before relaxing)
 .debug_str     0x0000000000000440      0x12e app/libapp.a(main.c.obj)
                                        0x4d2 (size before relaxing)
 .debug_str     0x000000000000056e       0xe5 zephyr/libzephyr.a(printk.c.obj)
                                        0x443 (size before relaxing)
 .debug_str     0x0000000000000653      0x220 zephyr/libzephyr.a(thread_entry.c.obj)
                                        0x4bc (size before relaxing)
 .debug_str     0x0000000000000873      0x3dc zephyr/libzephyr.a(cbprintf_complete.c.obj)
                                        0x657 (size before relaxing)
 .debug_str     0x0000000000000c4f       0x5a zephyr/libzephyr.a(configs.c.obj)
                                        0x18f (size before relaxing)
 .debug_str     0x0000000000000ca9       0xa2 zephyr/libzephyr.a(idle.c.obj)
                                        0x27a (size before relaxing)
 .debug_str     0x0000000000000d4b       0x5e zephyr/libzephyr.a(soc_irq.S.obj)
                                         0x89 (size before relaxing)
 .debug_str     0x0000000000000da9       0xc3 zephyr/libzephyr.a(soc_common_irq.c.obj)
                                        0x2a6 (size before relaxing)
 .debug_str     0x0000000000000e6c       0x4f zephyr/libzephyr.a(vector.S.obj)
                                         0x88 (size before relaxing)
 .debug_str     0x0000000000000ebb       0x8a zephyr/libzephyr.a(tracing_none.c.obj)
                                        0x269 (size before relaxing)
 .debug_str     0x0000000000000f45      0x3ab zephyr/arch/arch/riscv/core/libarch__riscv__core.a(fatal.c.obj)
                                        0x5f7 (size before relaxing)
 .debug_str     0x00000000000012f0       0x58 zephyr/arch/arch/riscv/core/libarch__riscv__core.a(irq_manage.c.obj)
                                        0x5d0 (size before relaxing)
 .debug_str     0x0000000000001348       0x3b zephyr/arch/arch/riscv/core/libarch__riscv__core.a(isr.S.obj)
                                         0x74 (size before relaxing)
 .debug_str     0x0000000000001383       0x59 zephyr/arch/arch/riscv/core/libarch__riscv__core.a(prep_c.c.obj)
                                        0x23c (size before relaxing)
 .debug_str     0x00000000000013dc       0x3d zephyr/arch/arch/riscv/core/libarch__riscv__core.a(reset.S.obj)
                                         0x76 (size before relaxing)
 .debug_str     0x0000000000001419       0x3c zephyr/arch/arch/riscv/core/libarch__riscv__core.a(swap.S.obj)
                                         0x75 (size before relaxing)
 .debug_str     0x0000000000001455       0x9d zephyr/arch/arch/riscv/core/libarch__riscv__core.a(thread.c.obj)
                                        0x4cf (size before relaxing)
 .debug_str     0x00000000000014f2       0xe2 zephyr/lib/libc/minimal/liblib__libc__minimal.a(string.c.obj)
                                        0x2c7 (size before relaxing)
 .debug_str     0x00000000000015d4      0x254 zephyr/drivers/serial/libdrivers__serial.a(uart_xlnx_uartlite.c.obj)
                                        0x6bc (size before relaxing)
 .debug_str     0x0000000000001828      0x1ab zephyr/drivers/timer/libdrivers__timer.a(sys_clock_init.c.obj)
                                        0x5aa (size before relaxing)
 .debug_str     0x00000000000019d3      0x138 zephyr/drivers/timer/libdrivers__timer.a(riscv_machine_timer.c.obj)
                                        0x576 (size before relaxing)
 .debug_str     0x0000000000001b0b       0x93 zephyr/kernel/libkernel.a(errno.c.obj)
                                        0x609 (size before relaxing)
 .debug_str     0x0000000000001b9e      0x1ae zephyr/kernel/libkernel.a(fatal.c.obj)
                                        0x953 (size before relaxing)
 .debug_str     0x0000000000001d4c      0x241 zephyr/kernel/libkernel.a(init.c.obj)
                                        0x7bb (size before relaxing)
 .debug_str     0x0000000000001f8d      0x41d zephyr/kernel/libkernel.a(thread.c.obj)
                                        0xd53 (size before relaxing)
 .debug_str     0x00000000000023aa       0x52 zephyr/kernel/libkernel.a(idle.c.obj)
                                        0x325 (size before relaxing)
 .debug_str     0x00000000000023fc      0x936 zephyr/kernel/libkernel.a(sched.c.obj)
                                       0x137f (size before relaxing)
 .debug_str     0x0000000000002d32      0x1cd zephyr/kernel/libkernel.a(timeout.c.obj)
                                        0x9d5 (size before relaxing)
 .debug_str     0x0000000000002eff       0x40 zephyr/kernel/libkernel.a(banner.c.obj)
                                        0x23e (size before relaxing)
 .debug_str     0x0000000000002f3f      0x1b0 zephyr/kernel/libkernel.a(device.c.obj)
                                        0x449 (size before relaxing)

.debug_loc      0x0000000000000000     0xc78a
 *(SORT_BY_ALIGNMENT(.debug_loc))
 .debug_loc     0x0000000000000000      0x1e6 app/libapp.a(main.c.obj)
 .debug_loc     0x00000000000001e6      0x439 zephyr/libzephyr.a(printk.c.obj)
 .debug_loc     0x000000000000061f      0x140 zephyr/libzephyr.a(thread_entry.c.obj)
 .debug_loc     0x000000000000075f     0x2bd7 zephyr/libzephyr.a(cbprintf_complete.c.obj)
 .debug_loc     0x0000000000003336       0xc7 zephyr/libzephyr.a(idle.c.obj)
 .debug_loc     0x00000000000033fd       0x39 zephyr/libzephyr.a(soc_common_irq.c.obj)
 .debug_loc     0x0000000000003436      0x10a zephyr/arch/arch/riscv/core/libarch__riscv__core.a(fatal.c.obj)
 .debug_loc     0x0000000000003540       0x39 zephyr/arch/arch/riscv/core/libarch__riscv__core.a(irq_manage.c.obj)
 .debug_loc     0x0000000000003579       0xc0 zephyr/arch/arch/riscv/core/libarch__riscv__core.a(thread.c.obj)
 .debug_loc     0x0000000000003639     0x10ea zephyr/lib/libc/minimal/liblib__libc__minimal.a(string.c.obj)
 .debug_loc     0x0000000000004723      0x543 zephyr/drivers/serial/libdrivers__serial.a(uart_xlnx_uartlite.c.obj)
 .debug_loc     0x0000000000004c66       0x72 zephyr/drivers/timer/libdrivers__timer.a(sys_clock_init.c.obj)
 .debug_loc     0x0000000000004cd8      0x406 zephyr/drivers/timer/libdrivers__timer.a(riscv_machine_timer.c.obj)
 .debug_loc     0x00000000000050de      0x222 zephyr/kernel/libkernel.a(fatal.c.obj)
 .debug_loc     0x0000000000005300      0x209 zephyr/kernel/libkernel.a(init.c.obj)
 .debug_loc     0x0000000000005509      0xe6c zephyr/kernel/libkernel.a(thread.c.obj)
 .debug_loc     0x0000000000006375       0xe4 zephyr/kernel/libkernel.a(idle.c.obj)
 .debug_loc     0x0000000000006459     0x4c1c zephyr/kernel/libkernel.a(sched.c.obj)
 .debug_loc     0x000000000000b075     0x1240 zephyr/kernel/libkernel.a(timeout.c.obj)
 .debug_loc     0x000000000000c2b5      0x4d5 zephyr/kernel/libkernel.a(device.c.obj)

.debug_macinfo
 *(SORT_BY_ALIGNMENT(.debug_macinfo))

.debug_weaknames
 *(SORT_BY_ALIGNMENT(.debug_weaknames))

.debug_funcnames
 *(SORT_BY_ALIGNMENT(.debug_funcnames))

.debug_typenames
 *(SORT_BY_ALIGNMENT(.debug_typenames))

.debug_varnames
 *(SORT_BY_ALIGNMENT(.debug_varnames))

.debug_pubtypes
 *(SORT_BY_ALIGNMENT(.debug_pubtypes))

.debug_ranges   0x0000000000000000     0x3f70
 *(SORT_BY_ALIGNMENT(.debug_ranges))
 .debug_ranges  0x0000000000000000       0x40 zephyr/libzephyr.a(soc_irq.S.obj)
 .debug_ranges  0x0000000000000040       0x40 zephyr/arch/arch/riscv/core/libarch__riscv__core.a(reset.S.obj)
 .debug_ranges  0x0000000000000080       0x40 zephyr/arch/arch/riscv/core/libarch__riscv__core.a(swap.S.obj)
 .debug_ranges  0x00000000000000c0       0x20 zephyr/CMakeFiles/offsets.dir/./arch/riscv/core/offsets/offsets.c.obj
 .debug_ranges  0x00000000000000e0      0x180 app/libapp.a(main.c.obj)
 .debug_ranges  0x0000000000000260       0xb0 zephyr/libzephyr.a(printk.c.obj)
 .debug_ranges  0x0000000000000310       0x20 zephyr/libzephyr.a(thread_entry.c.obj)
 .debug_ranges  0x0000000000000330      0x690 zephyr/libzephyr.a(cbprintf_complete.c.obj)
 .debug_ranges  0x00000000000009c0       0x20 zephyr/libzephyr.a(configs.c.obj)
 .debug_ranges  0x00000000000009e0       0x60 zephyr/libzephyr.a(idle.c.obj)
 .debug_ranges  0x0000000000000a40       0x60 zephyr/libzephyr.a(soc_common_irq.c.obj)
 .debug_ranges  0x0000000000000aa0       0x20 zephyr/libzephyr.a(tracing_none.c.obj)
 .debug_ranges  0x0000000000000ac0       0x30 zephyr/arch/arch/riscv/core/libarch__riscv__core.a(fatal.c.obj)
 .debug_ranges  0x0000000000000af0       0x20 zephyr/arch/arch/riscv/core/libarch__riscv__core.a(irq_manage.c.obj)
 .debug_ranges  0x0000000000000b10       0x20 zephyr/arch/arch/riscv/core/libarch__riscv__core.a(prep_c.c.obj)
 .debug_ranges  0x0000000000000b30       0x50 zephyr/arch/arch/riscv/core/libarch__riscv__core.a(thread.c.obj)
 .debug_ranges  0x0000000000000b80      0x110 zephyr/lib/libc/minimal/liblib__libc__minimal.a(string.c.obj)
 .debug_ranges  0x0000000000000c90      0x1e0 zephyr/drivers/serial/libdrivers__serial.a(uart_xlnx_uartlite.c.obj)
 .debug_ranges  0x0000000000000e70       0x60 zephyr/drivers/timer/libdrivers__timer.a(sys_clock_init.c.obj)
 .debug_ranges  0x0000000000000ed0      0x130 zephyr/drivers/timer/libdrivers__timer.a(riscv_machine_timer.c.obj)
 .debug_ranges  0x0000000000001000       0x20 zephyr/kernel/libkernel.a(errno.c.obj)
 .debug_ranges  0x0000000000001020      0x130 zephyr/kernel/libkernel.a(fatal.c.obj)
 .debug_ranges  0x0000000000001150      0x180 zephyr/kernel/libkernel.a(init.c.obj)
 .debug_ranges  0x00000000000012d0      0x3a0 zephyr/kernel/libkernel.a(thread.c.obj)
 .debug_ranges  0x0000000000001670       0x60 zephyr/kernel/libkernel.a(idle.c.obj)
 .debug_ranges  0x00000000000016d0     0x1ec0 zephyr/kernel/libkernel.a(sched.c.obj)
 .debug_ranges  0x0000000000003590      0x7f0 zephyr/kernel/libkernel.a(timeout.c.obj)
 .debug_ranges  0x0000000000003d80       0x20 zephyr/kernel/libkernel.a(banner.c.obj)
 .debug_ranges  0x0000000000003da0      0x1d0 zephyr/kernel/libkernel.a(device.c.obj)

.debug_macro
 *(SORT_BY_ALIGNMENT(.debug_macro))

.riscv.attributes
                0x0000000000000000       0x34
 *(SORT_BY_ALIGNMENT(.riscv.attributes))
 .riscv.attributes
                0x0000000000000000       0x30 zephyr/CMakeFiles/zephyr_final.dir/misc/empty_file.c.obj
 .riscv.attributes
                0x0000000000000030       0x30 zephyr/CMakeFiles/zephyr_final.dir/isr_tables.c.obj
 .riscv.attributes
                0x0000000000000060       0x30 zephyr/CMakeFiles/zephyr_final.dir/dev_handles.c.obj
 .riscv.attributes
                0x0000000000000090       0x30 zephyr/CMakeFiles/offsets.dir/./arch/riscv/core/offsets/offsets.c.obj
 .riscv.attributes
                0x00000000000000c0       0x30 app/libapp.a(main.c.obj)
 .riscv.attributes
                0x00000000000000f0       0x30 zephyr/libzephyr.a(cbprintf.c.obj)
 .riscv.attributes
                0x0000000000000120       0x30 zephyr/libzephyr.a(cbprintf_packaged.c.obj)
 .riscv.attributes
                0x0000000000000150       0x30 zephyr/libzephyr.a(crc32c_sw.c.obj)
 .riscv.attributes
                0x0000000000000180       0x30 zephyr/libzephyr.a(crc32_sw.c.obj)
 .riscv.attributes
                0x00000000000001b0       0x30 zephyr/libzephyr.a(crc16_sw.c.obj)
 .riscv.attributes
                0x00000000000001e0       0x30 zephyr/libzephyr.a(crc8_sw.c.obj)
 .riscv.attributes
                0x0000000000000210       0x30 zephyr/libzephyr.a(crc7_sw.c.obj)
 .riscv.attributes
                0x0000000000000240       0x30 zephyr/libzephyr.a(dec.c.obj)
 .riscv.attributes
                0x0000000000000270       0x30 zephyr/libzephyr.a(fdtable.c.obj)
 .riscv.attributes
                0x00000000000002a0       0x30 zephyr/libzephyr.a(hex.c.obj)
 .riscv.attributes
                0x00000000000002d0       0x30 zephyr/libzephyr.a(notify.c.obj)
 .riscv.attributes
                0x0000000000000300       0x30 zephyr/libzephyr.a(printk.c.obj)
 .riscv.attributes
                0x0000000000000330       0x34 zephyr/libzephyr.a(onoff.c.obj)
 .riscv.attributes
                0x0000000000000364       0x30 zephyr/libzephyr.a(rb.c.obj)
 .riscv.attributes
                0x0000000000000394       0x30 zephyr/libzephyr.a(sem.c.obj)
 .riscv.attributes
                0x00000000000003c4       0x30 zephyr/libzephyr.a(thread_entry.c.obj)
 .riscv.attributes
                0x00000000000003f4       0x30 zephyr/libzephyr.a(timeutil.c.obj)
 .riscv.attributes
                0x0000000000000424       0x30 zephyr/libzephyr.a(heap.c.obj)
 .riscv.attributes
                0x0000000000000454       0x30 zephyr/libzephyr.a(heap-validate.c.obj)
 .riscv.attributes
                0x0000000000000484       0x34 zephyr/libzephyr.a(bitarray.c.obj)
 .riscv.attributes
                0x00000000000004b8       0x30 zephyr/libzephyr.a(multi_heap.c.obj)
 .riscv.attributes
                0x00000000000004e8       0x30 zephyr/libzephyr.a(cbprintf_complete.c.obj)
 .riscv.attributes
                0x0000000000000518       0x30 zephyr/libzephyr.a(configs.c.obj)
 .riscv.attributes
                0x0000000000000548       0x34 zephyr/libzephyr.a(idle.c.obj)
 .riscv.attributes
                0x000000000000057c       0x32 zephyr/libzephyr.a(soc_irq.S.obj)
 .riscv.attributes
                0x00000000000005ae       0x34 zephyr/libzephyr.a(soc_common_irq.c.obj)
 .riscv.attributes
                0x00000000000005e2       0x32 zephyr/libzephyr.a(vector.S.obj)
 .riscv.attributes
                0x0000000000000614       0x30 zephyr/libzephyr.a(soc.c.obj)
 .riscv.attributes
                0x0000000000000644       0x30 zephyr/libzephyr.a(tracing_none.c.obj)
 .riscv.attributes
                0x0000000000000674       0x30 zephyr/arch/common/libarch__common.a(sw_isr_common.c.obj)
 .riscv.attributes
                0x00000000000006a4       0x34 zephyr/arch/arch/riscv/core/libarch__riscv__core.a(cpu_idle.c.obj)
 .riscv.attributes
                0x00000000000006d8       0x34 zephyr/arch/arch/riscv/core/libarch__riscv__core.a(fatal.c.obj)
 .riscv.attributes
                0x000000000000070c       0x34 zephyr/arch/arch/riscv/core/libarch__riscv__core.a(irq_manage.c.obj)
 .riscv.attributes
                0x0000000000000740       0x32 zephyr/arch/arch/riscv/core/libarch__riscv__core.a(isr.S.obj)
 .riscv.attributes
                0x0000000000000772       0x30 zephyr/arch/arch/riscv/core/libarch__riscv__core.a(prep_c.c.obj)
 .riscv.attributes
                0x00000000000007a2       0x30 zephyr/arch/arch/riscv/core/libarch__riscv__core.a(reboot.c.obj)
 .riscv.attributes
                0x00000000000007d2       0x32 zephyr/arch/arch/riscv/core/libarch__riscv__core.a(reset.S.obj)
 .riscv.attributes
                0x0000000000000804       0x32 zephyr/arch/arch/riscv/core/libarch__riscv__core.a(swap.S.obj)
 .riscv.attributes
                0x0000000000000836       0x30 zephyr/arch/arch/riscv/core/libarch__riscv__core.a(thread.c.obj)
 .riscv.attributes
                0x0000000000000866       0x30 zephyr/lib/libc/minimal/liblib__libc__minimal.a(abort.c.obj)
 .riscv.attributes
                0x0000000000000896       0x30 zephyr/lib/libc/minimal/liblib__libc__minimal.a(atoi.c.obj)
 .riscv.attributes
                0x00000000000008c6       0x30 zephyr/lib/libc/minimal/liblib__libc__minimal.a(strtol.c.obj)
 .riscv.attributes
                0x00000000000008f6       0x30 zephyr/lib/libc/minimal/liblib__libc__minimal.a(strtoul.c.obj)
 .riscv.attributes
                0x0000000000000926       0x30 zephyr/lib/libc/minimal/liblib__libc__minimal.a(malloc.c.obj)
 .riscv.attributes
                0x0000000000000956       0x30 zephyr/lib/libc/minimal/liblib__libc__minimal.a(bsearch.c.obj)
 .riscv.attributes
                0x0000000000000986       0x30 zephyr/lib/libc/minimal/liblib__libc__minimal.a(exit.c.obj)
 .riscv.attributes
                0x00000000000009b6       0x30 zephyr/lib/libc/minimal/liblib__libc__minimal.a(strncasecmp.c.obj)
 .riscv.attributes
                0x00000000000009e6       0x30 zephyr/lib/libc/minimal/liblib__libc__minimal.a(strstr.c.obj)
 .riscv.attributes
                0x0000000000000a16       0x30 zephyr/lib/libc/minimal/liblib__libc__minimal.a(string.c.obj)
 .riscv.attributes
                0x0000000000000a46       0x30 zephyr/lib/libc/minimal/liblib__libc__minimal.a(strspn.c.obj)
 .riscv.attributes
                0x0000000000000a76       0x30 zephyr/lib/libc/minimal/liblib__libc__minimal.a(stdout_console.c.obj)
 .riscv.attributes
                0x0000000000000aa6       0x30 zephyr/lib/libc/minimal/liblib__libc__minimal.a(sprintf.c.obj)
 .riscv.attributes
                0x0000000000000ad6       0x30 zephyr/lib/libc/minimal/liblib__libc__minimal.a(fprintf.c.obj)
 .riscv.attributes
                0x0000000000000b06       0x30 zephyr/lib/libc/minimal/liblib__libc__minimal.a(gmtime.c.obj)
 .riscv.attributes
                0x0000000000000b36       0x30 zephyr/lib/posix/liblib__posix.a(pthread_common.c.obj)
 .riscv.attributes
                0x0000000000000b66       0x30 zephyr/lib/posix/liblib__posix.a(nanosleep.c.obj)
 .riscv.attributes
                0x0000000000000b96       0x30 zephyr/drivers/serial/libdrivers__serial.a(uart_xlnx_uartlite.c.obj)
 .riscv.attributes
                0x0000000000000bc6       0x30 zephyr/drivers/timer/libdrivers__timer.a(sys_clock_init.c.obj)
 .riscv.attributes
                0x0000000000000bf6       0x34 zephyr/drivers/timer/libdrivers__timer.a(riscv_machine_timer.c.obj)
 .riscv.attributes
                0x0000000000000c2a       0x30 zephyr/kernel/libkernel.a(errno.c.obj)
 .riscv.attributes
                0x0000000000000c5a       0x34 zephyr/kernel/libkernel.a(fatal.c.obj)
 .riscv.attributes
                0x0000000000000c8e       0x34 zephyr/kernel/libkernel.a(init.c.obj)
 .riscv.attributes
                0x0000000000000cc2       0x30 zephyr/kernel/libkernel.a(thread.c.obj)
 .riscv.attributes
                0x0000000000000cf2       0x34 zephyr/kernel/libkernel.a(idle.c.obj)
 .riscv.attributes
                0x0000000000000d26       0x34 zephyr/kernel/libkernel.a(mutex.c.obj)
 .riscv.attributes
                0x0000000000000d5a       0x34 zephyr/kernel/libkernel.a(sem.c.obj)
 .riscv.attributes
                0x0000000000000d8e       0x34 zephyr/kernel/libkernel.a(sched.c.obj)
 .riscv.attributes
                0x0000000000000dc2       0x34 zephyr/kernel/libkernel.a(timeout.c.obj)
 .riscv.attributes
                0x0000000000000df6       0x30 zephyr/kernel/libkernel.a(banner.c.obj)
 .riscv.attributes
                0x0000000000000e26       0x30 zephyr/kernel/libkernel.a(device.c.obj)
 .riscv.attributes
                0x0000000000000e56       0x30 /home/lzhang/zephyr-sdk-0.13.2/riscv64-zephyr-elf/bin/../lib/gcc/riscv64-zephyr-elf/10.3.0/rv64imafd/lp64d/medany/libgcc.a(_clzsi2.o)
 .riscv.attributes
                0x0000000000000e86       0x30 /home/lzhang/zephyr-sdk-0.13.2/riscv64-zephyr-elf/bin/../lib/gcc/riscv64-zephyr-elf/10.3.0/rv64imafd/lp64d/medany/libgcc.a(_ctzsi2.o)
 .riscv.attributes
                0x0000000000000eb6       0x30 /home/lzhang/zephyr-sdk-0.13.2/riscv64-zephyr-elf/bin/../lib/gcc/riscv64-zephyr-elf/10.3.0/rv64imafd/lp64d/medany/libgcc.a(_clz.o)
 *(SORT_BY_ALIGNMENT(.gnu.attributes))
LOAD app/libapp.a
LOAD zephyr/libzephyr.a
LOAD zephyr/arch/common/libarch__common.a
LOAD zephyr/arch/arch/riscv/core/libarch__riscv__core.a
LOAD zephyr/lib/libc/minimal/liblib__libc__minimal.a
LOAD zephyr/lib/posix/liblib__posix.a
LOAD zephyr/drivers/serial/libdrivers__serial.a
LOAD zephyr/drivers/timer/libdrivers__timer.a
LOAD zephyr/kernel/libkernel.a
LOAD /home/lzhang/zephyr-sdk-0.13.2/riscv64-zephyr-elf/bin/../lib/gcc/riscv64-zephyr-elf/10.3.0/rv64imafd/lp64d/medany/libgcc.a
LOAD zephyr/arch/common/libisr_tables.a
OUTPUT(zephyr/zephyr.elf elf64-littleriscv)
